Program
  List
    Function
      IdDecl ID="gcd1"
      List
        IdDecl ID="a"
        IdDecl ID="b"
      Block
        List
          While
            NEQ
              Var ID="a"
              Var ID="b"
            Block
              List
                IfElse
                  GT
                    Var ID="a"
                    Var ID="b"
                  Block
                    List
                      Assignment
                        IdUse ID="a"
                        Minus
                          Var ID="a"
                          Var ID="b"
                  Block
                    List
                      Assignment
                        IdUse ID="b"
                        Minus
                          Var ID="b"
                          Var ID="a"
          Return
            Var ID="a"
    Function
      IdDecl ID="gcd2"
      List
        IdDecl ID="a"
        IdDecl ID="b"
      Block
        List
          If
            EQ
              Var ID="b"
              Numeral NUMERAL="0"
            Block
              List
                Return
                  Var ID="a"
          Return
            FuncCall Name="gcd2"
              List
                Var ID="b"
                Mod
                  Var ID="a"
                  Var ID="b"
    Function
      IdDecl ID="main"
      List
      Block
        List
          Decl
            IdDecl ID="a"
            Opt
          Decl
            IdDecl ID="b"
            Opt
          Assignment
            IdUse ID="a"
            FuncCall Name="read"
              List
          Assignment
            IdUse ID="b"
            FuncCall Name="read"
              List
          Decl
            IdDecl ID="diff"
            Opt
              Minus
                FuncCall Name="gcd1"
                  List
                    Var ID="a"
                    Var ID="b"
                FuncCall Name="gcd2"
                  List
                    Var ID="a"
                    Var ID="b"
          Return
            Numeral NUMERAL="0"
