Program
  List
    Function
      IdDecl ID="a"
      List
      Block
        List
          Decl
            IdDecl ID="diff"
            Opt
              Minus
                FuncCall Name="gcd1"
                  List
                    Var ID="a"
                    Var ID="b"
                FuncCall Name="gcd2"
                  List
                    Var ID="a"
                    Var ID="b"
          Return
            Var ID="diff"
