Program
  List
    Function
      VarDecl ID="a"
      List
      Block
        List
          IdDeclAndUse ID="diff"
            Minus
              FuncCall Name="gcd1"
                List
                  Var ID="a"
                  Var ID="b"
              FuncCall Name="gcd2"
                List
                  Var ID="a"
                  Var ID="b"
          Return
            Var ID="diff"
